// Jest Snapshot v1, https://goo.gl/fbAQLP

exports[`NavBar with locale en renders correctly 1`] = `
<div>
  <nav
    aria-label="main navigation"
    class="navbar is-dark"
    role="navigation"
  >
    <div
      class="navbar-brand"
    >
      <a
        aria-expanded="false"
        aria-label="menu"
        class="navbar-burger burger"
        data-target="navbarBasicExample"
        role="button"
      >
        <span
          aria-hidden="true"
        />
         
        <span
          aria-hidden="true"
        />
         
        <span
          aria-hidden="true"
        />
      </a>
    </div>
     
    <div
      class="navbar-menu"
    >
      <div
        class="navbar-start"
      >
        <a
          class="navbar-item"
          href=""
          id="home"
        >
          
          home
        
        </a>
      </div>
       
      <div
        class="navbar-end"
      >
        <langpicker-stub />
      </div>
    </div>
  </nav>
</div>
`;
