// Jest Snapshot v1, https://goo.gl/fbAQLP

exports[`StationHero.test.js has the expected html structure 1`] = `
<section
  class="hero"
>
  <div
    class="hero-body"
  >
    <div
      class="container"
    >
      <h4
        class="subtitle has-text-"
      >
        
         10 m,
        SRID=4326;POINT (20.87591 39.14904)
      
      </h4>
       
      <hr />
       
      <h1
        class="title"
      >
        Agios Spiridonas
      </h1>
       
      <h2
        class="subtitle"
      >
        Decentralised Administration of Epirus and Western Macedonia 
        <br />
      </h2>
       
      <h3>
        <b-tag-stub
          rounded="true"
          tabstop="true"
        >
          Meteorological [Μετεωρολογικός]
        </b-tag-stub>
      </h3>
       
      <hr />
    </div>
  </div>
</section>
`;
