// Jest Snapshot v1, https://goo.gl/fbAQLP

exports[`SearchField renders correctly 1`] = `
<div>
  <div
    class="field"
  >
    <!---->
     
    <div
      class="control has-icons-left is-clearfix"
    >
      <input
        autocomplete="on"
        class="input"
        placeholder="search"
        type="text"
      />
       
      <span
        class="icon is-left"
      >
        <i
          class="mdi mdi-search mdi-24px"
        />
      </span>
       
      <!---->
       
      <!---->
    </div>
     
    <!---->
  </div>
</div>
`;
